// Jest Snapshot v1, https://goo.gl/fbAQLP

exports[`<Select> Snapshots and structure should render correctly 1`] = `
<div
  className="lumx-select lumx-select--has-unique lumx-select lumx-select--is-empty lumx-select--theme-light"
>
  <SelectField
    anchorRef={
      Object {
        "current": null,
      }
    }
    handleKeyboardNav={[Function]}
    id="select-uid"
    isEmpty={true}
    selectedValueRender={[Function]}
    theme="light"
    value=""
    variant="input"
  />
  <Dropdown
    anchorRef={
      Object {
        "current": null,
      }
    }
    closeOnClick={true}
    closeOnClickAway={true}
    closeOnEscape={true}
    fitToAnchorWidth={true}
    fitWithinViewportHeight={true}
    isOpen={false}
    onClose={[Function]}
    placement="bottom-start"
    shouldFocusOnOpen={true}
  >
    <span>
      Select Component
    </span>
  </Dropdown>
</div>
`;
