// Jest Snapshot v1, https://goo.gl/fbAQLP

exports[`<Badge> Snapshots and structure should render correctly 1`] = `
<div
  className="lumx-badge lumx-badge--color-primary"
>
  <span>
    30
  </span>
</div>
`;
