// Jest Snapshot v1, https://goo.gl/fbAQLP

exports[`<Notification> Snapshots and structure should render defaults 1`] = `
<Portal
  containerInfo={<body />}
>
  <div
    className="lumx-notification lumx-notification--color-dark"
    onClick={[Function]}
    role="alert"
    style={
      Object {
        "zIndex": 9999,
      }
    }
  >
    <div
      className="lumx-notification__icon"
    >
      <Icon
        icon="M13,9H11V7H13M13,17H11V11H13M12,2A10,10 0 0,0 2,12A10,10 0 0,0 12,22A10,10 0 0,0 22,12A10,10 0 0,0 12,2Z"
        size="s"
      />
    </div>
    <div
      className="lumx-notification__content"
    >
      Info
    </div>
  </div>
</Portal>
`;

exports[`<Notification> Snapshots and structure should render nothing since the notification is closed 1`] = `""`;
