// Jest Snapshot v1, https://goo.gl/fbAQLP

exports[`<ProgressTracker> Snapshots and structure should render correctly 1`] = `
<div
  className="lumx-progress-tracker"
>
  <div
    aria-label="Steps"
    className="lumx-progress-tracker__steps"
    role="tablist"
  >
    <ProgressTrackerStep
      key="0"
      label="Step 0"
    />
    <ProgressTrackerStep
      key="1"
      label="Step 1"
    />
  </div>
  <div
    className="lumx-progress-tracker__background-bar"
    style={
      Object {
        "left": "25%",
        "right": "25%",
      }
    }
  />
  <div
    className="lumx-progress-tracker__foreground-bar"
    style={
      Object {
        "left": "25%",
        "right": "25%",
        "transform": "scaleX(0)",
      }
    }
  />
</div>
`;
