// Jest Snapshot v1, https://goo.gl/fbAQLP

exports[`<Lightbox> Snapshots and structure should render story 'Default' 1`] = `
<Portal
  containerInfo={<body />}
>
  <div
    aria-modal="true"
    className="lumx-lightbox lumx-lightbox--is-shown"
    style={
      Object {
        "zIndex": undefined,
      }
    }
  >
    <IconButton
      className="lumx-lightbox__close"
      color="light"
      emphasis="low"
      icon="M19,6.41L17.59,5L12,10.59L6.41,5L5,6.41L10.59,12L5,17.59L6.41,19L12,13.41L17.59,19L19,17.59L13.41,12L19,6.41Z"
      label="Close"
      onClick={[Function]}
      size="m"
      theme="light"
      type="button"
    />
    <ClickAwayProvider
      callback={[Function]}
      refs={
        Object {
          "current": Array [
            Object {
              "current": null,
            },
          ],
        }
      }
    >
      <div
        className="lumx-lightbox__wrapper"
        role="presentation"
      >
        <Slideshow
          activeIndex={0}
          autoPlay={true}
          fillHeight={true}
          groupBy={1}
          interval={5000}
          slideshowControlsProps={
            Object {
              "nextButtonProps": Object {
                "label": "Next",
              },
              "previousButtonProps": Object {
                "label": "Previous",
              },
            }
          }
          theme="dark"
        >
          <SlideshowItem
            key="/demo-assets/portrait1.jpg"
          >
            <ImageBlock
              align="center"
              alt="Nice Image"
              captionPosition="below"
              description="What an image"
              fillHeight={true}
              image="/demo-assets/portrait1.jpg"
              tags={
                <ChipGroup
                  align="center"
                >
                  <Chip
                    size="s"
                    theme="dark"
                  >
                    Tag 1
                  </Chip>
                  <Chip
                    size="s"
                    theme="dark"
                  >
                    Tag 2
                  </Chip>
                </ChipGroup>
              }
              theme="dark"
              title="Nice Image"
            />
          </SlideshowItem>
          <SlideshowItem
            key="/demo-assets/portrait2.jpg"
          >
            <ImageBlock
              align="center"
              alt="Nice Image"
              captionPosition="below"
              description="What an image"
              fillHeight={true}
              image="/demo-assets/portrait2.jpg"
              tags={
                <ChipGroup
                  align="center"
                >
                  <Chip
                    size="s"
                    theme="dark"
                  >
                    Tag 1
                  </Chip>
                  <Chip
                    size="s"
                    theme="dark"
                  >
                    Tag 2
                  </Chip>
                </ChipGroup>
              }
              theme="dark"
              title="Nice Image"
            />
          </SlideshowItem>
          <SlideshowItem
            key="/demo-assets/landscape3.jpg"
          >
            <ImageBlock
              align="center"
              alt="Nice Image"
              captionPosition="below"
              description="What an image"
              fillHeight={true}
              image="/demo-assets/landscape3.jpg"
              tags={
                <ChipGroup
                  align="center"
                >
                  <Chip
                    size="s"
                    theme="dark"
                  >
                    Tag 1
                  </Chip>
                  <Chip
                    size="s"
                    theme="dark"
                  >
                    Tag 2
                  </Chip>
                </ChipGroup>
              }
              theme="dark"
              title="Nice Image"
            />
          </SlideshowItem>
          <SlideshowItem
            key="/demo-assets/landscape2.jpg"
          >
            <ImageBlock
              align="center"
              alt="Nice Image"
              captionPosition="below"
              description="What an image"
              fillHeight={true}
              image="/demo-assets/landscape2.jpg"
              tags={
                <ChipGroup
                  align="center"
                >
                  <Chip
                    size="s"
                    theme="dark"
                  >
                    Tag 1
                  </Chip>
                  <Chip
                    size="s"
                    theme="dark"
                  >
                    Tag 2
                  </Chip>
                </ChipGroup>
              }
              theme="dark"
              title="Nice Image"
            />
          </SlideshowItem>
        </Slideshow>
      </div>
    </ClickAwayProvider>
  </div>
</Portal>
`;
