// Jest Snapshot v1, https://goo.gl/fbAQLP

exports[`<RadioGroup> Snapshots and structure should render defaults 1`] = `
<div
  className="lumx-radio-group"
/>
`;

exports[`<RadioGroup> Snapshots and structure should render with radio button children 1`] = `
<div
  className="lumx-radio-group"
>
  <RadioButton
    isChecked={true}
    key="0"
    label="Label 1"
    theme="light"
  />
  <RadioButton
    isChecked={false}
    key="1"
    label="Label 2"
    theme="light"
  />
</div>
`;
