// Jest Snapshot v1, https://goo.gl/fbAQLP

exports[`<DatePicker> Snapshots and structure should render correctly 1`] = `
<DatePickerControlled
  locale="fr"
  nextButtonProps={
    Object {
      "label": "Next month",
    }
  }
  onChange={[Function]}
  onNextMonthChange={[Function]}
  onPrevMonthChange={[Function]}
  previousButtonProps={
    Object {
      "label": "Previous month",
    }
  }
  selectedMonth={1970-01-17T23:15:21.000Z}
  value={1970-01-17T23:15:21.000Z}
/>
`;
