// Jest Snapshot v1, https://goo.gl/fbAQLP

exports[`<PostBlock> Snapshots and structure should render story 'Default' 1`] = `
<div
  className="lumx-post-block lumx-post-block--orientation-horizontal lumx-post-block--theme-light"
>
  <div
    className="lumx-post-block__thumbnail"
  >
    <Thumbnail
      alt="Landscape"
      fallback="M21,5V11.59L18,8.58L14,12.59L10,8.59L6,12.59L3,9.58V5A2,2 0 0,1 5,3H19A2,2 0 0,1 21,5M18,11.42L21,14.43V19A2,2 0 0,1 19,21H5A2,2 0 0,1 3,19V12.42L6,15.41L10,11.41L14,15.41"
      image="/demo-assets/landscape1.jpg"
      loading="lazy"
      theme="light"
      variant="rounded"
    />
  </div>
  <div
    className="lumx-post-block__wrapper"
  >
    <div
      className="lumx-post-block__author"
    >
      <UserBlock
        avatarProps={
          Object {
            "alt": "Avatar",
            "image": "/demo-assets/avatar2.jpg",
          }
        }
        name="Matthias Manoukian"
        orientation="horizontal"
        size="s"
        theme="light"
      />
    </div>
    <button
      className="lumx-post-block__title"
      type="button"
    >
      Annual Bonus Payments
    </button>
    <span
      className="lumx-post-block__meta"
    >
      1 day ago in community's name
    </span>
    <p
      className="lumx-post-block__text"
      dangerouslySetInnerHTML={
        Object {
          "__html": "Lorem ipsum dolor sit amet, consectetur adipiscing elit. Donec rhoncus libero aliquet pharetra luctus. Fusce nisl turpis, posuere ac tellus at, euismod vulputate libero...",
        }
      }
    />
    <div
      className="lumx-post-block__attachments"
    >
      <UserBlock
        avatarProps={
          Object {
            "alt": "Avatar",
            "image": "/demo-assets/persona.png",
          }
        }
        fields={
          Array [
            "Head of Design",
            "Lyon",
          ]
        }
        name="Matthias Manoukian"
        orientation="vertical"
        size="l"
        theme="light"
      />
    </div>
    <div
      className="lumx-post-block__toolbar"
    >
      <div
        className="lumx-post-block__tags"
      >
        <ChipGroup
          align="left"
        >
          <Chip
            size="s"
            theme="light"
          >
            tag1
          </Chip>
          <Chip
            size="s"
            theme="light"
          >
            tag2
          </Chip>
          <Chip
            size="s"
            theme="light"
          >
            tag3
          </Chip>
        </ChipGroup>
      </div>
      <div
        className="lumx-post-block__actions"
      >
        <FlexBox
          orientation="horizontal"
        >
          <Button
            emphasis="low"
            leftIcon="M9,22A1,1 0 0,1 8,21V18H4A2,2 0 0,1 2,16V4C2,2.89 2.9,2 4,2H20A2,2 0 0,1 22,4V16A2,2 0 0,1 20,18H13.9L10.2,21.71C10,21.9 9.75,22 9.5,22V22H9Z"
            size="s"
            theme="light"
          >
            <span>
              16
            </span>
          </Button>
          <Button
            emphasis="low"
            leftIcon="M12,21.35L10.55,20.03C5.4,15.36 2,12.27 2,8.5C2,5.41 4.42,3 7.5,3C9.24,3 10.91,3.81 12,5.08C13.09,3.81 14.76,3 16.5,3C19.58,3 22,5.41 22,8.5C22,12.27 18.6,15.36 13.45,20.03L12,21.35Z"
            size="s"
            theme="light"
          >
            <span>
              8
            </span>
          </Button>
        </FlexBox>
      </div>
    </div>
  </div>
</div>
`;
