// Jest Snapshot v1, https://goo.gl/fbAQLP

exports[`<ButtonGroup> Snapshots and structure should render correctly a group button 1`] = `
<div
  className="lumx-button-group"
>
  <Button
    emphasis="high"
    size="m"
    theme="light"
  >
    Label
  </Button>
  <IconButton
    emphasis="high"
    icon="M19,13H13V19H11V13H5V11H11V5H13V11H19V13Z"
    label="Add"
    size="m"
    theme="light"
  />
</div>
`;
