// Jest Snapshot v1, https://goo.gl/fbAQLP

exports[`<Chip /> Snapshot should render correctly Chip component 1`] = `
<a
  className="lumx-chip lumx-chip--color-dark lumx-chip--size-m lumx-chip--is-unselected"
  tabIndex={-1}
>
  <div
    className="lumx-chip__label"
  />
</a>
`;
